2026-01-30 14:40:16,860 [ERROR] django.request: Internal Server Error: /en/api/dashboard_chart_data/
Traceback (most recent call last):
  File "C:\Users\Mohd.Siraj\AppData\Local\miniconda3\envs\assam_crv\Lib\site-packages\django\db\backends\utils.py", line 105, in _execute
    return self.cursor.execute(sql, params)
           ^^^^^^^^^^^^^^^^^^^^^^^^^^^^^^^^
psycopg2.errors.UndefinedTable: relation "pra_boundary" does not exist
LINE 1: ... "pra_boundary"."affarea_ha" AS "affarea_ha" FROM "pra_bound...
                                                             ^


The above exception was the direct cause of the following exception:

Traceback (most recent call last):
  File "C:\Users\Mohd.Siraj\AppData\Local\miniconda3\envs\assam_crv\Lib\site-packages\django\core\handlers\exception.py", line 55, in inner
    response = get_response(request)
               ^^^^^^^^^^^^^^^^^^^^^
  File "C:\Users\Mohd.Siraj\AppData\Local\miniconda3\envs\assam_crv\Lib\site-packages\django\core\handlers\base.py", line 197, in _get_response
    response = wrapped_callback(request, *callback_args, **callback_kwargs)
               ^^^^^^^^^^^^^^^^^^^^^^^^^^^^^^^^^^^^^^^^^^^^^^^^^^^^^^^^^^^^
  File "C:\Users\Mohd.Siraj\AppData\Local\miniconda3\envs\assam_crv\Lib\site-packages\django\views\decorators\csrf.py", line 65, in _view_wrapper
    return view_func(request, *args, **kwargs)
           ^^^^^^^^^^^^^^^^^^^^^^^^^^^^^^^^^^^
  File "C:\Users\Mohd.Siraj\AppData\Local\miniconda3\envs\assam_crv\Lib\site-packages\django\views\generic\base.py", line 105, in view
    return self.dispatch(request, *args, **kwargs)
           ^^^^^^^^^^^^^^^^^^^^^^^^^^^^^^^^^^^^^^^
  File "C:\Users\Mohd.Siraj\AppData\Local\miniconda3\envs\assam_crv\Lib\site-packages\rest_framework\views.py", line 515, in dispatch
    response = self.handle_exception(exc)
               ^^^^^^^^^^^^^^^^^^^^^^^^^^
  File "C:\Users\Mohd.Siraj\AppData\Local\miniconda3\envs\assam_crv\Lib\site-packages\rest_framework\views.py", line 475, in handle_exception
    self.raise_uncaught_exception(exc)
  File "C:\Users\Mohd.Siraj\AppData\Local\miniconda3\envs\assam_crv\Lib\site-packages\rest_framework\views.py", line 486, in raise_uncaught_exception
    raise exc
  File "C:\Users\Mohd.Siraj\AppData\Local\miniconda3\envs\assam_crv\Lib\site-packages\rest_framework\views.py", line 512, in dispatch
    response = handler(request, *args, **kwargs)
               ^^^^^^^^^^^^^^^^^^^^^^^^^^^^^^^^^
  File "C:\Users\Mohd.Siraj\AppData\Local\miniconda3\envs\assam_crv\Lib\site-packages\rest_framework\decorators.py", line 50, in handler
    return func(*args, **kwargs)
           ^^^^^^^^^^^^^^^^^^^^^
  File "E:\Siraj\assam_crv\assam_crv\dashboard\views.py", line 112, in dashboard_chart_data
    total_area_ha = sum([x['area_ha'] for x in flood_data])
                        ^^^^^^^^^^^^^^^^^^^^^^^^^^^^^^^^^^
  File "C:\Users\Mohd.Siraj\AppData\Local\miniconda3\envs\assam_crv\Lib\site-packages\django\db\models\query.py", line 386, in __iter__
    self._fetch_all()
  File "C:\Users\Mohd.Siraj\AppData\Local\miniconda3\envs\assam_crv\Lib\site-packages\django\db\models\query.py", line 1954, in _fetch_all
    self._result_cache = list(self._iterable_class(self))
                         ^^^^^^^^^^^^^^^^^^^^^^^^^^^^^^^^
  File "C:\Users\Mohd.Siraj\AppData\Local\miniconda3\envs\assam_crv\Lib\site-packages\django\db\models\query.py", line 218, in __iter__
    for row in compiler.results_iter(
               ^^^^^^^^^^^^^^^^^^^^^^
  File "C:\Users\Mohd.Siraj\AppData\Local\miniconda3\envs\assam_crv\Lib\site-packages\django\db\models\sql\compiler.py", line 1572, in results_iter
    results = self.execute_sql(
              ^^^^^^^^^^^^^^^^^
  File "C:\Users\Mohd.Siraj\AppData\Local\miniconda3\envs\assam_crv\Lib\site-packages\django\db\models\sql\compiler.py", line 1623, in execute_sql
    cursor.execute(sql, params)
  File "C:\Users\Mohd.Siraj\AppData\Local\miniconda3\envs\assam_crv\Lib\site-packages\django\db\backends\utils.py", line 122, in execute
    return super().execute(sql, params)
           ^^^^^^^^^^^^^^^^^^^^^^^^^^^^
  File "C:\Users\Mohd.Siraj\AppData\Local\miniconda3\envs\assam_crv\Lib\site-packages\django\db\backends\utils.py", line 79, in execute
    return self._execute_with_wrappers(
           ^^^^^^^^^^^^^^^^^^^^^^^^^^^^
  File "C:\Users\Mohd.Siraj\AppData\Local\miniconda3\envs\assam_crv\Lib\site-packages\django\db\backends\utils.py", line 92, in _execute_with_wrappers
    return executor(sql, params, many, context)
           ^^^^^^^^^^^^^^^^^^^^^^^^^^^^^^^^^^^^
  File "C:\Users\Mohd.Siraj\AppData\Local\miniconda3\envs\assam_crv\Lib\site-packages\django\db\backends\utils.py", line 100, in _execute
    with self.db.wrap_database_errors:
  File "C:\Users\Mohd.Siraj\AppData\Local\miniconda3\envs\assam_crv\Lib\site-packages\django\db\utils.py", line 91, in __exit__
    raise dj_exc_value.with_traceback(traceback) from exc_value
  File "C:\Users\Mohd.Siraj\AppData\Local\miniconda3\envs\assam_crv\Lib\site-packages\django\db\backends\utils.py", line 105, in _execute
    return self.cursor.execute(sql, params)
           ^^^^^^^^^^^^^^^^^^^^^^^^^^^^^^^^
django.db.utils.ProgrammingError: relation "pra_boundary" does not exist
LINE 1: ... "pra_boundary"."affarea_ha" AS "affarea_ha" FROM "pra_bound...
                                                             ^

2026-01-30 14:40:16,860 [ERROR] django.server: "GET /en/api/dashboard_chart_data/ HTTP/1.1" 500 176168
2026-01-30 14:40:22,892 [ERROR] django.request: Internal Server Error: /en/api/dashboard_chart_data/
Traceback (most recent call last):
  File "C:\Users\Mohd.Siraj\AppData\Local\miniconda3\envs\assam_crv\Lib\site-packages\django\db\backends\utils.py", line 105, in _execute
    return self.cursor.execute(sql, params)
           ^^^^^^^^^^^^^^^^^^^^^^^^^^^^^^^^
psycopg2.errors.UndefinedTable: relation "pra_boundary" does not exist
LINE 1: ... "pra_boundary"."affarea_ha" AS "affarea_ha" FROM "pra_bound...
                                                             ^


The above exception was the direct cause of the following exception:

Traceback (most recent call last):
  File "C:\Users\Mohd.Siraj\AppData\Local\miniconda3\envs\assam_crv\Lib\site-packages\django\core\handlers\exception.py", line 55, in inner
    response = get_response(request)
               ^^^^^^^^^^^^^^^^^^^^^
  File "C:\Users\Mohd.Siraj\AppData\Local\miniconda3\envs\assam_crv\Lib\site-packages\django\core\handlers\base.py", line 197, in _get_response
    response = wrapped_callback(request, *callback_args, **callback_kwargs)
               ^^^^^^^^^^^^^^^^^^^^^^^^^^^^^^^^^^^^^^^^^^^^^^^^^^^^^^^^^^^^
  File "C:\Users\Mohd.Siraj\AppData\Local\miniconda3\envs\assam_crv\Lib\site-packages\django\views\decorators\csrf.py", line 65, in _view_wrapper
    return view_func(request, *args, **kwargs)
           ^^^^^^^^^^^^^^^^^^^^^^^^^^^^^^^^^^^
  File "C:\Users\Mohd.Siraj\AppData\Local\miniconda3\envs\assam_crv\Lib\site-packages\django\views\generic\base.py", line 105, in view
    return self.dispatch(request, *args, **kwargs)
           ^^^^^^^^^^^^^^^^^^^^^^^^^^^^^^^^^^^^^^^
  File "C:\Users\Mohd.Siraj\AppData\Local\miniconda3\envs\assam_crv\Lib\site-packages\rest_framework\views.py", line 515, in dispatch
    response = self.handle_exception(exc)
               ^^^^^^^^^^^^^^^^^^^^^^^^^^
  File "C:\Users\Mohd.Siraj\AppData\Local\miniconda3\envs\assam_crv\Lib\site-packages\rest_framework\views.py", line 475, in handle_exception
    self.raise_uncaught_exception(exc)
  File "C:\Users\Mohd.Siraj\AppData\Local\miniconda3\envs\assam_crv\Lib\site-packages\rest_framework\views.py", line 486, in raise_uncaught_exception
    raise exc
  File "C:\Users\Mohd.Siraj\AppData\Local\miniconda3\envs\assam_crv\Lib\site-packages\rest_framework\views.py", line 512, in dispatch
    response = handler(request, *args, **kwargs)
               ^^^^^^^^^^^^^^^^^^^^^^^^^^^^^^^^^
  File "C:\Users\Mohd.Siraj\AppData\Local\miniconda3\envs\assam_crv\Lib\site-packages\rest_framework\decorators.py", line 50, in handler
    return func(*args, **kwargs)
           ^^^^^^^^^^^^^^^^^^^^^
  File "E:\Siraj\assam_crv\assam_crv\dashboard\views.py", line 112, in dashboard_chart_data
    total_area_ha = sum([x['area_ha'] for x in flood_data])
                        ^^^^^^^^^^^^^^^^^^^^^^^^^^^^^^^^^^
  File "C:\Users\Mohd.Siraj\AppData\Local\miniconda3\envs\assam_crv\Lib\site-packages\django\db\models\query.py", line 386, in __iter__
    self._fetch_all()
  File "C:\Users\Mohd.Siraj\AppData\Local\miniconda3\envs\assam_crv\Lib\site-packages\django\db\models\query.py", line 1954, in _fetch_all
    self._result_cache = list(self._iterable_class(self))
                         ^^^^^^^^^^^^^^^^^^^^^^^^^^^^^^^^
  File "C:\Users\Mohd.Siraj\AppData\Local\miniconda3\envs\assam_crv\Lib\site-packages\django\db\models\query.py", line 218, in __iter__
    for row in compiler.results_iter(
               ^^^^^^^^^^^^^^^^^^^^^^
  File "C:\Users\Mohd.Siraj\AppData\Local\miniconda3\envs\assam_crv\Lib\site-packages\django\db\models\sql\compiler.py", line 1572, in results_iter
    results = self.execute_sql(
              ^^^^^^^^^^^^^^^^^
  File "C:\Users\Mohd.Siraj\AppData\Local\miniconda3\envs\assam_crv\Lib\site-packages\django\db\models\sql\compiler.py", line 1623, in execute_sql
    cursor.execute(sql, params)
  File "C:\Users\Mohd.Siraj\AppData\Local\miniconda3\envs\assam_crv\Lib\site-packages\django\db\backends\utils.py", line 122, in execute
    return super().execute(sql, params)
           ^^^^^^^^^^^^^^^^^^^^^^^^^^^^
  File "C:\Users\Mohd.Siraj\AppData\Local\miniconda3\envs\assam_crv\Lib\site-packages\django\db\backends\utils.py", line 79, in execute
    return self._execute_with_wrappers(
           ^^^^^^^^^^^^^^^^^^^^^^^^^^^^
  File "C:\Users\Mohd.Siraj\AppData\Local\miniconda3\envs\assam_crv\Lib\site-packages\django\db\backends\utils.py", line 92, in _execute_with_wrappers
    return executor(sql, params, many, context)
           ^^^^^^^^^^^^^^^^^^^^^^^^^^^^^^^^^^^^
  File "C:\Users\Mohd.Siraj\AppData\Local\miniconda3\envs\assam_crv\Lib\site-packages\django\db\backends\utils.py", line 100, in _execute
    with self.db.wrap_database_errors:
  File "C:\Users\Mohd.Siraj\AppData\Local\miniconda3\envs\assam_crv\Lib\site-packages\django\db\utils.py", line 91, in __exit__
    raise dj_exc_value.with_traceback(traceback) from exc_value
  File "C:\Users\Mohd.Siraj\AppData\Local\miniconda3\envs\assam_crv\Lib\site-packages\django\db\backends\utils.py", line 105, in _execute
    return self.cursor.execute(sql, params)
           ^^^^^^^^^^^^^^^^^^^^^^^^^^^^^^^^
django.db.utils.ProgrammingError: relation "pra_boundary" does not exist
LINE 1: ... "pra_boundary"."affarea_ha" AS "affarea_ha" FROM "pra_bound...
                                                             ^

2026-01-30 14:40:22,900 [ERROR] django.server: "GET /en/api/dashboard_chart_data/ HTTP/1.1" 500 176309
2026-02-02 12:54:41,470 [ERROR] django.request: Internal Server Error: /en/api/dashboard_chart_data/
Traceback (most recent call last):
  File "C:\Users\Mohd.Siraj\AppData\Local\miniconda3\envs\assam_crv\Lib\site-packages\django\db\backends\utils.py", line 105, in _execute
    return self.cursor.execute(sql, params)
           ^^^^^^^^^^^^^^^^^^^^^^^^^^^^^^^^
psycopg2.errors.UndefinedTable: relation "pra_boundary" does not exist
LINE 1: ... "pra_boundary"."affarea_ha" AS "affarea_ha" FROM "pra_bound...
                                                             ^


The above exception was the direct cause of the following exception:

Traceback (most recent call last):
  File "C:\Users\Mohd.Siraj\AppData\Local\miniconda3\envs\assam_crv\Lib\site-packages\django\core\handlers\exception.py", line 55, in inner
    response = get_response(request)
               ^^^^^^^^^^^^^^^^^^^^^
  File "C:\Users\Mohd.Siraj\AppData\Local\miniconda3\envs\assam_crv\Lib\site-packages\django\core\handlers\base.py", line 197, in _get_response
    response = wrapped_callback(request, *callback_args, **callback_kwargs)
               ^^^^^^^^^^^^^^^^^^^^^^^^^^^^^^^^^^^^^^^^^^^^^^^^^^^^^^^^^^^^
  File "C:\Users\Mohd.Siraj\AppData\Local\miniconda3\envs\assam_crv\Lib\site-packages\django\views\decorators\csrf.py", line 65, in _view_wrapper
    return view_func(request, *args, **kwargs)
           ^^^^^^^^^^^^^^^^^^^^^^^^^^^^^^^^^^^
  File "C:\Users\Mohd.Siraj\AppData\Local\miniconda3\envs\assam_crv\Lib\site-packages\django\views\generic\base.py", line 105, in view
    return self.dispatch(request, *args, **kwargs)
           ^^^^^^^^^^^^^^^^^^^^^^^^^^^^^^^^^^^^^^^
  File "C:\Users\Mohd.Siraj\AppData\Local\miniconda3\envs\assam_crv\Lib\site-packages\rest_framework\views.py", line 515, in dispatch
    response = self.handle_exception(exc)
               ^^^^^^^^^^^^^^^^^^^^^^^^^^
  File "C:\Users\Mohd.Siraj\AppData\Local\miniconda3\envs\assam_crv\Lib\site-packages\rest_framework\views.py", line 475, in handle_exception
    self.raise_uncaught_exception(exc)
  File "C:\Users\Mohd.Siraj\AppData\Local\miniconda3\envs\assam_crv\Lib\site-packages\rest_framework\views.py", line 486, in raise_uncaught_exception
    raise exc
  File "C:\Users\Mohd.Siraj\AppData\Local\miniconda3\envs\assam_crv\Lib\site-packages\rest_framework\views.py", line 512, in dispatch
    response = handler(request, *args, **kwargs)
               ^^^^^^^^^^^^^^^^^^^^^^^^^^^^^^^^^
  File "C:\Users\Mohd.Siraj\AppData\Local\miniconda3\envs\assam_crv\Lib\site-packages\rest_framework\decorators.py", line 50, in handler
    return func(*args, **kwargs)
           ^^^^^^^^^^^^^^^^^^^^^
  File "E:\Siraj\assam_crv\assam_crv\dashboard\views.py", line 112, in dashboard_chart_data
    total_area_ha = sum([x['area_ha'] for x in flood_data])
                        ^^^^^^^^^^^^^^^^^^^^^^^^^^^^^^^^^^
  File "C:\Users\Mohd.Siraj\AppData\Local\miniconda3\envs\assam_crv\Lib\site-packages\django\db\models\query.py", line 386, in __iter__
    self._fetch_all()
  File "C:\Users\Mohd.Siraj\AppData\Local\miniconda3\envs\assam_crv\Lib\site-packages\django\db\models\query.py", line 1954, in _fetch_all
    self._result_cache = list(self._iterable_class(self))
                         ^^^^^^^^^^^^^^^^^^^^^^^^^^^^^^^^
  File "C:\Users\Mohd.Siraj\AppData\Local\miniconda3\envs\assam_crv\Lib\site-packages\django\db\models\query.py", line 218, in __iter__
    for row in compiler.results_iter(
               ^^^^^^^^^^^^^^^^^^^^^^
  File "C:\Users\Mohd.Siraj\AppData\Local\miniconda3\envs\assam_crv\Lib\site-packages\django\db\models\sql\compiler.py", line 1572, in results_iter
    results = self.execute_sql(
              ^^^^^^^^^^^^^^^^^
  File "C:\Users\Mohd.Siraj\AppData\Local\miniconda3\envs\assam_crv\Lib\site-packages\django\db\models\sql\compiler.py", line 1623, in execute_sql
    cursor.execute(sql, params)
  File "C:\Users\Mohd.Siraj\AppData\Local\miniconda3\envs\assam_crv\Lib\site-packages\django\db\backends\utils.py", line 122, in execute
    return super().execute(sql, params)
           ^^^^^^^^^^^^^^^^^^^^^^^^^^^^
  File "C:\Users\Mohd.Siraj\AppData\Local\miniconda3\envs\assam_crv\Lib\site-packages\django\db\backends\utils.py", line 79, in execute
    return self._execute_with_wrappers(
           ^^^^^^^^^^^^^^^^^^^^^^^^^^^^
  File "C:\Users\Mohd.Siraj\AppData\Local\miniconda3\envs\assam_crv\Lib\site-packages\django\db\backends\utils.py", line 92, in _execute_with_wrappers
    return executor(sql, params, many, context)
           ^^^^^^^^^^^^^^^^^^^^^^^^^^^^^^^^^^^^
  File "C:\Users\Mohd.Siraj\AppData\Local\miniconda3\envs\assam_crv\Lib\site-packages\django\db\backends\utils.py", line 100, in _execute
    with self.db.wrap_database_errors:
  File "C:\Users\Mohd.Siraj\AppData\Local\miniconda3\envs\assam_crv\Lib\site-packages\django\db\utils.py", line 91, in __exit__
    raise dj_exc_value.with_traceback(traceback) from exc_value
  File "C:\Users\Mohd.Siraj\AppData\Local\miniconda3\envs\assam_crv\Lib\site-packages\django\db\backends\utils.py", line 105, in _execute
    return self.cursor.execute(sql, params)
           ^^^^^^^^^^^^^^^^^^^^^^^^^^^^^^^^
django.db.utils.ProgrammingError: relation "pra_boundary" does not exist
LINE 1: ... "pra_boundary"."affarea_ha" AS "affarea_ha" FROM "pra_bound...
                                                             ^

2026-02-02 12:54:41,486 [ERROR] django.server: "GET /en/api/dashboard_chart_data/ HTTP/1.1" 500 176309
2026-02-02 12:54:44,853 [ERROR] django.request: Internal Server Error: /en/api/get_household_summary_data
Traceback (most recent call last):
  File "C:\Users\Mohd.Siraj\AppData\Local\miniconda3\envs\assam_crv\Lib\site-packages\django\db\backends\utils.py", line 105, in _execute
    return self.cursor.execute(sql, params)
           ^^^^^^^^^^^^^^^^^^^^^^^^^^^^^^^^
psycopg2.errors.UndefinedTable: relation "exposure_river" does not exist
LINE 1: ... "exposure_river"."erosion_m" AS "erosion_m" FROM "exposure_...
                                                             ^


The above exception was the direct cause of the following exception:

Traceback (most recent call last):
  File "C:\Users\Mohd.Siraj\AppData\Local\miniconda3\envs\assam_crv\Lib\site-packages\django\core\handlers\exception.py", line 55, in inner
    response = get_response(request)
               ^^^^^^^^^^^^^^^^^^^^^
  File "C:\Users\Mohd.Siraj\AppData\Local\miniconda3\envs\assam_crv\Lib\site-packages\django\core\handlers\base.py", line 197, in _get_response
    response = wrapped_callback(request, *callback_args, **callback_kwargs)
               ^^^^^^^^^^^^^^^^^^^^^^^^^^^^^^^^^^^^^^^^^^^^^^^^^^^^^^^^^^^^
  File "C:\Users\Mohd.Siraj\AppData\Local\miniconda3\envs\assam_crv\Lib\site-packages\django\views\decorators\csrf.py", line 65, in _view_wrapper
    return view_func(request, *args, **kwargs)
           ^^^^^^^^^^^^^^^^^^^^^^^^^^^^^^^^^^^
  File "C:\Users\Mohd.Siraj\AppData\Local\miniconda3\envs\assam_crv\Lib\site-packages\django\views\generic\base.py", line 105, in view
    return self.dispatch(request, *args, **kwargs)
           ^^^^^^^^^^^^^^^^^^^^^^^^^^^^^^^^^^^^^^^
  File "C:\Users\Mohd.Siraj\AppData\Local\miniconda3\envs\assam_crv\Lib\site-packages\rest_framework\views.py", line 515, in dispatch
    response = self.handle_exception(exc)
               ^^^^^^^^^^^^^^^^^^^^^^^^^^
  File "C:\Users\Mohd.Siraj\AppData\Local\miniconda3\envs\assam_crv\Lib\site-packages\rest_framework\views.py", line 475, in handle_exception
    self.raise_uncaught_exception(exc)
  File "C:\Users\Mohd.Siraj\AppData\Local\miniconda3\envs\assam_crv\Lib\site-packages\rest_framework\views.py", line 486, in raise_uncaught_exception
    raise exc
  File "C:\Users\Mohd.Siraj\AppData\Local\miniconda3\envs\assam_crv\Lib\site-packages\rest_framework\views.py", line 512, in dispatch
    response = handler(request, *args, **kwargs)
               ^^^^^^^^^^^^^^^^^^^^^^^^^^^^^^^^^
  File "C:\Users\Mohd.Siraj\AppData\Local\miniconda3\envs\assam_crv\Lib\site-packages\rest_framework\decorators.py", line 50, in handler
    return func(*args, **kwargs)
           ^^^^^^^^^^^^^^^^^^^^^
  File "E:\Siraj\assam_crv\assam_crv\vdmp_dashboard\views.py", line 567, in get_household_summary_data
    total_erosion_m = sum([x['erosion_m'] for x in bank_erosion_data if x['erosion_m'] is not None])
                          ^^^^^^^^^^^^^^^^^^^^^^^^^^^^^^^^^^^^^^^^^^^^^^^^^^^^^^^^^^^^^^^^^^^^^^^^^
  File "C:\Users\Mohd.Siraj\AppData\Local\miniconda3\envs\assam_crv\Lib\site-packages\django\db\models\query.py", line 386, in __iter__
    self._fetch_all()
  File "C:\Users\Mohd.Siraj\AppData\Local\miniconda3\envs\assam_crv\Lib\site-packages\django\db\models\query.py", line 1954, in _fetch_all
    self._result_cache = list(self._iterable_class(self))
                         ^^^^^^^^^^^^^^^^^^^^^^^^^^^^^^^^
  File "C:\Users\Mohd.Siraj\AppData\Local\miniconda3\envs\assam_crv\Lib\site-packages\django\db\models\query.py", line 218, in __iter__
    for row in compiler.results_iter(
               ^^^^^^^^^^^^^^^^^^^^^^
  File "C:\Users\Mohd.Siraj\AppData\Local\miniconda3\envs\assam_crv\Lib\site-packages\django\db\models\sql\compiler.py", line 1572, in results_iter
    results = self.execute_sql(
              ^^^^^^^^^^^^^^^^^
  File "C:\Users\Mohd.Siraj\AppData\Local\miniconda3\envs\assam_crv\Lib\site-packages\django\db\models\sql\compiler.py", line 1623, in execute_sql
    cursor.execute(sql, params)
  File "C:\Users\Mohd.Siraj\AppData\Local\miniconda3\envs\assam_crv\Lib\site-packages\django\db\backends\utils.py", line 122, in execute
    return super().execute(sql, params)
           ^^^^^^^^^^^^^^^^^^^^^^^^^^^^
  File "C:\Users\Mohd.Siraj\AppData\Local\miniconda3\envs\assam_crv\Lib\site-packages\django\db\backends\utils.py", line 79, in execute
    return self._execute_with_wrappers(
           ^^^^^^^^^^^^^^^^^^^^^^^^^^^^
  File "C:\Users\Mohd.Siraj\AppData\Local\miniconda3\envs\assam_crv\Lib\site-packages\django\db\backends\utils.py", line 92, in _execute_with_wrappers
    return executor(sql, params, many, context)
           ^^^^^^^^^^^^^^^^^^^^^^^^^^^^^^^^^^^^
  File "C:\Users\Mohd.Siraj\AppData\Local\miniconda3\envs\assam_crv\Lib\site-packages\django\db\backends\utils.py", line 100, in _execute
    with self.db.wrap_database_errors:
  File "C:\Users\Mohd.Siraj\AppData\Local\miniconda3\envs\assam_crv\Lib\site-packages\django\db\utils.py", line 91, in __exit__
    raise dj_exc_value.with_traceback(traceback) from exc_value
  File "C:\Users\Mohd.Siraj\AppData\Local\miniconda3\envs\assam_crv\Lib\site-packages\django\db\backends\utils.py", line 105, in _execute
    return self.cursor.execute(sql, params)
           ^^^^^^^^^^^^^^^^^^^^^^^^^^^^^^^^
django.db.utils.ProgrammingError: relation "exposure_river" does not exist
LINE 1: ... "exposure_river"."erosion_m" AS "erosion_m" FROM "exposure_...
                                                             ^

2026-02-02 12:54:44,853 [ERROR] django.server: "GET /en/api/get_household_summary_data?district_id=&village_id=&circle_id=&gram_panchayat_id= HTTP/1.1" 500 182606
2026-02-03 11:26:45,917 [ERROR] django.request: Internal Server Error: /en/api/dashboard_chart_data/
Traceback (most recent call last):
  File "C:\Users\Mohd.Siraj\AppData\Local\miniconda3\envs\assam_crv\Lib\site-packages\django\db\backends\utils.py", line 105, in _execute
    return self.cursor.execute(sql, params)
           ^^^^^^^^^^^^^^^^^^^^^^^^^^^^^^^^
psycopg2.errors.UndefinedTable: relation "pra_boundary" does not exist
LINE 1: ... "pra_boundary"."affarea_ha" AS "affarea_ha" FROM "pra_bound...
                                                             ^


The above exception was the direct cause of the following exception:

Traceback (most recent call last):
  File "C:\Users\Mohd.Siraj\AppData\Local\miniconda3\envs\assam_crv\Lib\site-packages\django\core\handlers\exception.py", line 55, in inner
    response = get_response(request)
               ^^^^^^^^^^^^^^^^^^^^^
  File "C:\Users\Mohd.Siraj\AppData\Local\miniconda3\envs\assam_crv\Lib\site-packages\django\core\handlers\base.py", line 197, in _get_response
    response = wrapped_callback(request, *callback_args, **callback_kwargs)
               ^^^^^^^^^^^^^^^^^^^^^^^^^^^^^^^^^^^^^^^^^^^^^^^^^^^^^^^^^^^^
  File "C:\Users\Mohd.Siraj\AppData\Local\miniconda3\envs\assam_crv\Lib\site-packages\django\views\decorators\csrf.py", line 65, in _view_wrapper
    return view_func(request, *args, **kwargs)
           ^^^^^^^^^^^^^^^^^^^^^^^^^^^^^^^^^^^
  File "C:\Users\Mohd.Siraj\AppData\Local\miniconda3\envs\assam_crv\Lib\site-packages\django\views\generic\base.py", line 105, in view
    return self.dispatch(request, *args, **kwargs)
           ^^^^^^^^^^^^^^^^^^^^^^^^^^^^^^^^^^^^^^^
  File "C:\Users\Mohd.Siraj\AppData\Local\miniconda3\envs\assam_crv\Lib\site-packages\rest_framework\views.py", line 515, in dispatch
    response = self.handle_exception(exc)
               ^^^^^^^^^^^^^^^^^^^^^^^^^^
  File "C:\Users\Mohd.Siraj\AppData\Local\miniconda3\envs\assam_crv\Lib\site-packages\rest_framework\views.py", line 475, in handle_exception
    self.raise_uncaught_exception(exc)
  File "C:\Users\Mohd.Siraj\AppData\Local\miniconda3\envs\assam_crv\Lib\site-packages\rest_framework\views.py", line 486, in raise_uncaught_exception
    raise exc
  File "C:\Users\Mohd.Siraj\AppData\Local\miniconda3\envs\assam_crv\Lib\site-packages\rest_framework\views.py", line 512, in dispatch
    response = handler(request, *args, **kwargs)
               ^^^^^^^^^^^^^^^^^^^^^^^^^^^^^^^^^
  File "C:\Users\Mohd.Siraj\AppData\Local\miniconda3\envs\assam_crv\Lib\site-packages\rest_framework\decorators.py", line 50, in handler
    return func(*args, **kwargs)
           ^^^^^^^^^^^^^^^^^^^^^
  File "E:\Siraj\assam_crv\assam_crv\dashboard\views.py", line 112, in dashboard_chart_data
    total_area_ha = sum([x['area_ha'] for x in flood_data])
                        ^^^^^^^^^^^^^^^^^^^^^^^^^^^^^^^^^^
  File "C:\Users\Mohd.Siraj\AppData\Local\miniconda3\envs\assam_crv\Lib\site-packages\django\db\models\query.py", line 386, in __iter__
    self._fetch_all()
  File "C:\Users\Mohd.Siraj\AppData\Local\miniconda3\envs\assam_crv\Lib\site-packages\django\db\models\query.py", line 1954, in _fetch_all
    self._result_cache = list(self._iterable_class(self))
                         ^^^^^^^^^^^^^^^^^^^^^^^^^^^^^^^^
  File "C:\Users\Mohd.Siraj\AppData\Local\miniconda3\envs\assam_crv\Lib\site-packages\django\db\models\query.py", line 218, in __iter__
    for row in compiler.results_iter(
               ^^^^^^^^^^^^^^^^^^^^^^
  File "C:\Users\Mohd.Siraj\AppData\Local\miniconda3\envs\assam_crv\Lib\site-packages\django\db\models\sql\compiler.py", line 1572, in results_iter
    results = self.execute_sql(
              ^^^^^^^^^^^^^^^^^
  File "C:\Users\Mohd.Siraj\AppData\Local\miniconda3\envs\assam_crv\Lib\site-packages\django\db\models\sql\compiler.py", line 1623, in execute_sql
    cursor.execute(sql, params)
  File "C:\Users\Mohd.Siraj\AppData\Local\miniconda3\envs\assam_crv\Lib\site-packages\django\db\backends\utils.py", line 122, in execute
    return super().execute(sql, params)
           ^^^^^^^^^^^^^^^^^^^^^^^^^^^^
  File "C:\Users\Mohd.Siraj\AppData\Local\miniconda3\envs\assam_crv\Lib\site-packages\django\db\backends\utils.py", line 79, in execute
    return self._execute_with_wrappers(
           ^^^^^^^^^^^^^^^^^^^^^^^^^^^^
  File "C:\Users\Mohd.Siraj\AppData\Local\miniconda3\envs\assam_crv\Lib\site-packages\django\db\backends\utils.py", line 92, in _execute_with_wrappers
    return executor(sql, params, many, context)
           ^^^^^^^^^^^^^^^^^^^^^^^^^^^^^^^^^^^^
  File "C:\Users\Mohd.Siraj\AppData\Local\miniconda3\envs\assam_crv\Lib\site-packages\django\db\backends\utils.py", line 100, in _execute
    with self.db.wrap_database_errors:
  File "C:\Users\Mohd.Siraj\AppData\Local\miniconda3\envs\assam_crv\Lib\site-packages\django\db\utils.py", line 91, in __exit__
    raise dj_exc_value.with_traceback(traceback) from exc_value
  File "C:\Users\Mohd.Siraj\AppData\Local\miniconda3\envs\assam_crv\Lib\site-packages\django\db\backends\utils.py", line 105, in _execute
    return self.cursor.execute(sql, params)
           ^^^^^^^^^^^^^^^^^^^^^^^^^^^^^^^^
django.db.utils.ProgrammingError: relation "pra_boundary" does not exist
LINE 1: ... "pra_boundary"."affarea_ha" AS "affarea_ha" FROM "pra_bound...
                                                             ^

2026-02-03 11:26:45,930 [ERROR] django.server: "GET /en/api/dashboard_chart_data/ HTTP/1.1" 500 176144
2026-02-03 11:26:52,665 [ERROR] django.request: Internal Server Error: /en/api/dashboard_chart_data/
Traceback (most recent call last):
  File "C:\Users\Mohd.Siraj\AppData\Local\miniconda3\envs\assam_crv\Lib\site-packages\django\db\backends\utils.py", line 105, in _execute
    return self.cursor.execute(sql, params)
           ^^^^^^^^^^^^^^^^^^^^^^^^^^^^^^^^
psycopg2.errors.UndefinedTable: relation "pra_boundary" does not exist
LINE 1: ... "pra_boundary"."affarea_ha" AS "affarea_ha" FROM "pra_bound...
                                                             ^


The above exception was the direct cause of the following exception:

Traceback (most recent call last):
  File "C:\Users\Mohd.Siraj\AppData\Local\miniconda3\envs\assam_crv\Lib\site-packages\django\core\handlers\exception.py", line 55, in inner
    response = get_response(request)
               ^^^^^^^^^^^^^^^^^^^^^
  File "C:\Users\Mohd.Siraj\AppData\Local\miniconda3\envs\assam_crv\Lib\site-packages\django\core\handlers\base.py", line 197, in _get_response
    response = wrapped_callback(request, *callback_args, **callback_kwargs)
               ^^^^^^^^^^^^^^^^^^^^^^^^^^^^^^^^^^^^^^^^^^^^^^^^^^^^^^^^^^^^
  File "C:\Users\Mohd.Siraj\AppData\Local\miniconda3\envs\assam_crv\Lib\site-packages\django\views\decorators\csrf.py", line 65, in _view_wrapper
    return view_func(request, *args, **kwargs)
           ^^^^^^^^^^^^^^^^^^^^^^^^^^^^^^^^^^^
  File "C:\Users\Mohd.Siraj\AppData\Local\miniconda3\envs\assam_crv\Lib\site-packages\django\views\generic\base.py", line 105, in view
    return self.dispatch(request, *args, **kwargs)
           ^^^^^^^^^^^^^^^^^^^^^^^^^^^^^^^^^^^^^^^
  File "C:\Users\Mohd.Siraj\AppData\Local\miniconda3\envs\assam_crv\Lib\site-packages\rest_framework\views.py", line 515, in dispatch
    response = self.handle_exception(exc)
               ^^^^^^^^^^^^^^^^^^^^^^^^^^
  File "C:\Users\Mohd.Siraj\AppData\Local\miniconda3\envs\assam_crv\Lib\site-packages\rest_framework\views.py", line 475, in handle_exception
    self.raise_uncaught_exception(exc)
  File "C:\Users\Mohd.Siraj\AppData\Local\miniconda3\envs\assam_crv\Lib\site-packages\rest_framework\views.py", line 486, in raise_uncaught_exception
    raise exc
  File "C:\Users\Mohd.Siraj\AppData\Local\miniconda3\envs\assam_crv\Lib\site-packages\rest_framework\views.py", line 512, in dispatch
    response = handler(request, *args, **kwargs)
               ^^^^^^^^^^^^^^^^^^^^^^^^^^^^^^^^^
  File "C:\Users\Mohd.Siraj\AppData\Local\miniconda3\envs\assam_crv\Lib\site-packages\rest_framework\decorators.py", line 50, in handler
    return func(*args, **kwargs)
           ^^^^^^^^^^^^^^^^^^^^^
  File "E:\Siraj\assam_crv\assam_crv\dashboard\views.py", line 112, in dashboard_chart_data
    total_area_ha = sum([x['area_ha'] for x in flood_data])
                        ^^^^^^^^^^^^^^^^^^^^^^^^^^^^^^^^^^
  File "C:\Users\Mohd.Siraj\AppData\Local\miniconda3\envs\assam_crv\Lib\site-packages\django\db\models\query.py", line 386, in __iter__
    self._fetch_all()
  File "C:\Users\Mohd.Siraj\AppData\Local\miniconda3\envs\assam_crv\Lib\site-packages\django\db\models\query.py", line 1954, in _fetch_all
    self._result_cache = list(self._iterable_class(self))
                         ^^^^^^^^^^^^^^^^^^^^^^^^^^^^^^^^
  File "C:\Users\Mohd.Siraj\AppData\Local\miniconda3\envs\assam_crv\Lib\site-packages\django\db\models\query.py", line 218, in __iter__
    for row in compiler.results_iter(
               ^^^^^^^^^^^^^^^^^^^^^^
  File "C:\Users\Mohd.Siraj\AppData\Local\miniconda3\envs\assam_crv\Lib\site-packages\django\db\models\sql\compiler.py", line 1572, in results_iter
    results = self.execute_sql(
              ^^^^^^^^^^^^^^^^^
  File "C:\Users\Mohd.Siraj\AppData\Local\miniconda3\envs\assam_crv\Lib\site-packages\django\db\models\sql\compiler.py", line 1623, in execute_sql
    cursor.execute(sql, params)
  File "C:\Users\Mohd.Siraj\AppData\Local\miniconda3\envs\assam_crv\Lib\site-packages\django\db\backends\utils.py", line 122, in execute
    return super().execute(sql, params)
           ^^^^^^^^^^^^^^^^^^^^^^^^^^^^
  File "C:\Users\Mohd.Siraj\AppData\Local\miniconda3\envs\assam_crv\Lib\site-packages\django\db\backends\utils.py", line 79, in execute
    return self._execute_with_wrappers(
           ^^^^^^^^^^^^^^^^^^^^^^^^^^^^
  File "C:\Users\Mohd.Siraj\AppData\Local\miniconda3\envs\assam_crv\Lib\site-packages\django\db\backends\utils.py", line 92, in _execute_with_wrappers
    return executor(sql, params, many, context)
           ^^^^^^^^^^^^^^^^^^^^^^^^^^^^^^^^^^^^
  File "C:\Users\Mohd.Siraj\AppData\Local\miniconda3\envs\assam_crv\Lib\site-packages\django\db\backends\utils.py", line 100, in _execute
    with self.db.wrap_database_errors:
  File "C:\Users\Mohd.Siraj\AppData\Local\miniconda3\envs\assam_crv\Lib\site-packages\django\db\utils.py", line 91, in __exit__
    raise dj_exc_value.with_traceback(traceback) from exc_value
  File "C:\Users\Mohd.Siraj\AppData\Local\miniconda3\envs\assam_crv\Lib\site-packages\django\db\backends\utils.py", line 105, in _execute
    return self.cursor.execute(sql, params)
           ^^^^^^^^^^^^^^^^^^^^^^^^^^^^^^^^
django.db.utils.ProgrammingError: relation "pra_boundary" does not exist
LINE 1: ... "pra_boundary"."affarea_ha" AS "affarea_ha" FROM "pra_bound...
                                                             ^

2026-02-03 11:26:52,674 [ERROR] django.server: "GET /en/api/dashboard_chart_data/ HTTP/1.1" 500 176285
2026-02-03 14:22:22,933 [ERROR] django.request: Internal Server Error: /en/api/upload_data_vdmp
2026-02-03 14:22:22,939 [ERROR] django.server: "POST /en/api/upload_data_vdmp HTTP/1.1" 500 110
